Microchip MPLAB XC8 Compiler V1.45 ()

Linker command line:

-W-3 --edf=C:\Program Files (x86)\Microchip\xc8\v1.45\dat\en_msgs.txt -cs \
  -h+dist/default/production\TimeCtrlBoard.X.production.sym \
  --cmf=dist/default/production\TimeCtrlBoard.X.production.cmf -z -Q16F1828 \
  -oC:\Users\Sumson\AppData\Local\Temp\s8s4.2 \
  -Mdist/default/production/TimeCtrlBoard.X.production.map -E1 -ver=XC8 \
  -ASTACK=02090h-0209fh -pstack=STACK -ACODE=00h-07FFhx2 \
  -ASTRCODE=00h-0FFFh -ASTRING=00h-0FFhx16 -ACONST=00h-0FFhx16 \
  -AENTRY=00h-0FFhx16 -ACOMMON=070h-07Fh -ABANK0=020h-06Fh \
  -ABANK1=0A0h-0EFh -ABANK2=0120h-016Fh -ABIGRAM=02000h-020EFh \
  -ARAM=020h-06Fh,0A0h-0EFh,0120h-016Fh \
  -AABS1=020h-07Fh,0A0h-0EFh,0120h-016Fh -ASFR0=00h-01Fh -ASFR1=080h-09Fh \
  -ASFR2=0100h-011Fh -ASFR3=0180h-01EFh -ASFR4=0200h-026Fh \
  -ASFR5=0280h-02EFh -ASFR6=0300h-036Fh -ASFR7=0380h-03EFh \
  -ASFR8=0400h-046Fh -ASFR9=0480h-04EFh -ASFR10=0500h-056Fh \
  -ASFR11=0580h-05EFh -ASFR12=0600h-066Fh -ASFR13=0680h-06EFh \
  -ASFR14=0700h-076Fh -ASFR15=0780h-07EFh -ASFR16=0800h-086Fh \
  -ASFR17=0880h-08EFh -ASFR18=0900h-096Fh -ASFR19=0980h-09EFh \
  -ASFR20=0A00h-0A6Fh -ASFR21=0A80h-0AEFh -ASFR22=0B00h-0B6Fh \
  -ASFR23=0B80h-0BEFh -ASFR24=0C00h-0C6Fh -ASFR25=0C80h-0CEFh \
  -ASFR26=0D00h-0D6Fh -ASFR27=0D80h-0DEFh -ASFR28=0E00h-0E6Fh \
  -ASFR29=0E80h-0EEFh -ASFR30=0F00h-0F6Fh -ASFR31=0F80h-0FEFh \
  -preset_vec=00h,intentry=04h,init,end_init -ppowerup=CODE -pcinit=CODE \
  -pfunctab=ENTRY -ACONFIG=08007h-08008h -pconfig=CONFIG -DCONFIG=2 \
  -AIDLOC=08000h-08003h -pidloc=IDLOC -DIDLOC=2 -AEEDATA=00h-0FFh/0F000h \
  -peeprom_data=EEDATA -DEEDATA=2 -DCODE=2 -DSTRCODE=2 -DSTRING=2 -DCONST=2 \
  -DENTRY=2 -k C:\Users\Sumson\AppData\Local\Temp\s8s4.obj \
  dist/default/production\TimeCtrlBoard.X.production.obj 

Object code version is 3.11

Machine type is 16F1828



                Name                               Link     Load   Length Selector   Space Scale
C:\Users\Sumson\AppData\Local\Temp\s8s4.obj
                end_init                             27       27        2        8       0
                reset_vec                             0        0        2        0       0
                config                             8007     8007        2    1000E       0
dist/default/production\TimeCtrlBoard.X.production.obj
                cinit                                29       29       2B        8       0
                intentry                              4        4       23        8       0
                text21                              307      307       13        8       0
                text20                              372      372        1        8       0
                text19                              1D7      1D7       38        8       0
                text18                              34F      34F        7        8       0
                text16                              329      329        F        8       0
                text15                              124      124       72        8       0
                text14                              240      240       2B        8       0
                text13                              340      340        8        8       0
                text12                              20F      20F       31        8       0
                text11                              26B      26B       2A        8       0
                text10                              196      196       41        8       0
                text9                               368      368        6        8       0
                text8                               2D9      2D9       19        8       0
                text7                               348      348        7        8       0
                text6                               2BD      2BD       1C        8       0
                text5                               362      362        6        8       0
                text4                               2F2      2F2       15        8       0
                text3                               36E      36E        4        8       0
                text2                               31A      31A        F        8       0
                text1                                54       54       D0        8       0
                maintext                            295      295       28        8       0
                cstackBANK0                          47       47        D       20       1
                cstackCOMMON                         70       70        7       70       1
                clrtext                             35C      35C        6        8       0
                inittext                            356      356        6        8       0
                bssBANK2                            120      120       4B      120       1
                bssBANK1                             A0       A0       40       A0       1
                dataBANK0                            54       54        8       20       1
                bssBANK0                             20       20       27       20       1
                bssCOMMON                            77       77        4       70       1
                nvBANK0                              5C       5C        5       20       1
                idataBANK0                          338      338        8        8       0

TOTAL           Name                               Link     Load   Length     Space
        CLASS   STACK          

        CLASS   CODE           
                end_init                             27       27        2         0
                cinit                                29       29       2B         0
                intentry                              4        4       23         0
                reset_vec                             0        0        2         0
                text21                              307      307       13         0
                text20                              372      372        1         0
                text19                              1D7      1D7       38         0
                text18                              34F      34F        7         0
                text16                              329      329        F         0
                text15                              124      124       72         0
                text14                              240      240       2B         0
                text13                              340      340        8         0
                text12                              20F      20F       31         0
                text11                              26B      26B       2A         0
                text10                              196      196       41         0
                text9                               368      368        6         0
                text8                               2D9      2D9       19         0
                text7                               348      348        7         0
                text6                               2BD      2BD       1C         0
                text5                               362      362        6         0
                text4                               2F2      2F2       15         0
                text3                               36E      36E        4         0
                text2                               31A      31A        F         0
                text1                                54       54       D0         0
                maintext                            295      295       28         0
                clrtext                             35C      35C        6         0
                inittext                            356      356        6         0
                idataBANK0                          338      338        8         0

        CLASS   STRCODE        

        CLASS   STRING         

        CLASS   CONST          

        CLASS   ENTRY          

        CLASS   COMMON         
                cstackCOMMON                         70       70        7         1
                bssCOMMON                            77       77        4         1

        CLASS   BANK0          
                cstackBANK0                          47       47        D         1
                dataBANK0                            54       54        8         1
                bssBANK0                             20       20       27         1
                nvBANK0                              5C       5C        5         1

        CLASS   BANK1          
                bssBANK1                             A0       A0       40         1

        CLASS   BANK2          
                bssBANK2                            120      120       4B         1

        CLASS   BIGRAM         

        CLASS   RAM            

        CLASS   ABS1           
                abs_s1                               7E       7E        2         1

        CLASS   SFR0           

        CLASS   SFR1           

        CLASS   SFR2           

        CLASS   SFR3           

        CLASS   SFR4           

        CLASS   SFR5           

        CLASS   SFR6           

        CLASS   SFR7           

        CLASS   SFR8           

        CLASS   SFR9           

        CLASS   SFR10          

        CLASS   SFR11          

        CLASS   SFR12          

        CLASS   SFR13          

        CLASS   SFR14          

        CLASS   SFR15          

        CLASS   SFR16          

        CLASS   SFR17          

        CLASS   SFR18          

        CLASS   SFR19          

        CLASS   SFR20          

        CLASS   SFR21          

        CLASS   SFR22          

        CLASS   SFR23          

        CLASS   SFR24          

        CLASS   SFR25          

        CLASS   SFR26          

        CLASS   SFR27          

        CLASS   SFR28          

        CLASS   SFR29          

        CLASS   SFR30          

        CLASS   SFR31          

        CLASS   CONFIG         
                config                             8007     8007        2         0

        CLASS   IDLOC          

        CLASS   EEDATA         

        CLASS   BANK31         

        CLASS   BANK30         

        CLASS   BANK29         

        CLASS   BANK28         

        CLASS   BANK27         

        CLASS   BANK26         

        CLASS   BANK25         

        CLASS   BANK24         

        CLASS   BANK23         

        CLASS   BANK22         

        CLASS   BANK21         

        CLASS   BANK20         

        CLASS   BANK19         

        CLASS   BANK18         

        CLASS   BANK17         

        CLASS   BANK16         

        CLASS   BANK15         

        CLASS   BANK14         

        CLASS   BANK13         

        CLASS   BANK12         

        CLASS   BANK11         

        CLASS   BANK10         

        CLASS   BANK9          

        CLASS   BANK8          

        CLASS   BANK7          

        CLASS   BANK6          

        CLASS   BANK5          

        CLASS   BANK4          

        CLASS   BANK3          



SEGMENTS        Name                           Load    Length   Top    Selector   Space  Class     Delta

                reset_vec                      000000  000002  000002         0       0  CODE        2
                intentry                       000004  00036F  000373         8       0  CODE        2
                bssBANK0                       000020  000041  000061        20       1  BANK0       1
                cstackCOMMON                   000070  00000B  00007B        70       1  COMMON      1
                bssBANK1                       0000A0  000040  0000E0        A0       1  BANK1       1
                bssBANK2                       000120  00004B  00016B       120       1  BANK2       1
                config                         008007  000002  008009     1000E       0  CONFIG      2


UNUSED ADDRESS RANGES

        Name                Unused          Largest block    Delta
        BANK0            00061-0006F               F           1
        BANK1            000E0-000EF              10           1
        BANK2            0016B-0016F               5           1
        BIGRAM           02000-020EF              F0           1
        CODE             00002-00003               2           2
                         00373-00FFF             48D
        COMMON           0007B-0007D               3           1
        CONST            00002-00003               2           2
                         00373-00FFF             100
        EEDATA           0F000-0F0FF             100           2
        ENTRY            00002-00003               2           2
                         00373-00FFF             100
        IDLOC            08000-08003               4           2
        RAM              00061-0006F               F           1
                         000E0-000EF              10
                         0016B-0016F               5
        SFR0             00000-0001F              20           1
        SFR1             00080-0009F              20           1
        SFR10            00500-0056F              70           1
        SFR11            00580-005EF              70           1
        SFR12            00600-0066F              70           1
        SFR13            00680-006EF              70           1
        SFR14            00700-0076F              70           1
        SFR15            00780-007EF              70           1
        SFR16            00800-0086F              70           1
        SFR17            00880-008EF              70           1
        SFR18            00900-0096F              70           1
        SFR19            00980-009EF              70           1
        SFR2             00100-0011F              20           1
        SFR20            00A00-00A6F              70           1
        SFR21            00A80-00AEF              70           1
        SFR22            00B00-00B6F              70           1
        SFR23            00B80-00BEF              70           1
        SFR24            00C00-00C6F              70           1
        SFR25            00C80-00CEF              70           1
        SFR26            00D00-00D6F              70           1
        SFR27            00D80-00DEF              70           1
        SFR28            00E00-00E6F              70           1
        SFR29            00E80-00EEF              70           1
        SFR3             00180-001EF              70           1
        SFR30            00F00-00F6F              70           1
        SFR31            00F80-00FEF              70           1
        SFR4             00200-0026F              70           1
        SFR5             00280-002EF              70           1
        SFR6             00300-0036F              70           1
        SFR7             00380-003EF              70           1
        SFR8             00400-0046F              70           1
        SFR9             00480-004EF              70           1
        STACK            02090-0209F              10           1
        STRCODE          00002-00003               2           2
                         00373-00FFF             C8D
        STRING           00002-00003               2           2
                         00373-00FFF             100

                                  Symbol Table

EUSART_SetRxInterruptHandler@interruptHandler cstackCOMMON 00072
Get_Device_Addr@device_addr                   cstackCOMMON 00073
TMR0_CallBack@eusartRXOvertimeCnt             bssBANK0     00045
TMR0_CallBack@preEusartRxCount                bssBANK0     00043
TMR0_CallBack@timeCrlCnt                      bssBANK0     00044
TMR0_SetInterruptHandler@InterruptHandler     cstackCOMMON 00072
_ANSELA                                       (abs)        0018C
_ANSELB                                       (abs)        0018D
_ANSELC                                       (abs)        0018E
_APFCON0                                      (abs)        0011D
_APFCON1                                      (abs)        0011E
_BAUDCON                                      (abs)        0019F
_BORCON                                       (abs)        00116
_EUSART_Deal                                  text10       00196
_EUSART_Initialize                            text8        002D9
_EUSART_Receive_ISR                           text21       00307
_EUSART_RxDefaultInterruptHandler             nvBANK0      0005E
_EUSART_SetRxInterruptHandler                 text9        00368
_EusartRxLenth                                bssCOMMON    00077
_Get_Device_Addr                              text16       00329
_INTCONbits                                   (abs)        0000B
_INTERRUPT_InterruptManager                   intentry     00004
_IQRPreSta                                    dataBANK0    00054
_IQRSta                                       bssBANK0     00038
_LATA                                         (abs)        0010C
_LATAbits                                     (abs)        0010C
_LATB                                         (abs)        0010D
_LATC                                         (abs)        0010E
_OPTION_REG                                   (abs)        00095
_OPTION_REGbits                               (abs)        00095
_OSCCON                                       (abs)        00099
_OSCILLATOR_Initialize                        text7        00348
_OSCTUNE                                      (abs)        00098
_PIE1bits                                     (abs)        00091
_PIN_MANAGER_Initialize                       text6        002BD
_PIR1bits                                     (abs)        00011
_PORTAbits                                    (abs)        0000C
_PORTBbits                                    (abs)        0000D
_RCREG                                        (abs)        00199
_RCSTA                                        (abs)        0019D
_RCSTAbits                                    (abs)        0019D
_SPBRGH                                       (abs)        0019C
_SPBRGL                                       (abs)        0019B
_SYSTEM_Initialize                            text2        0031A
_TMR0                                         (abs)        00015
_TMR0_CallBack                                text19       001D7
_TMR0_DefaultInterruptHandler                 text20       00372
_TMR0_ISR                                     text18       0034F
_TMR0_Initialize                              text4        002F2
_TMR0_InterruptHandler                        nvBANK0      0005C
_TMR0_SetInterruptHandler                     text5        00362
_TRISA                                        (abs)        0008C
_TRISB                                        (abs)        0008D
_TRISC                                        (abs)        0008E
_TXSTA                                        (abs)        0019E
_WDTCON                                       (abs)        00097
_WDT_Initialize                               text3        0036E
_WPUA                                         (abs)        0020C
_WPUB                                         (abs)        0020D
_WPUC                                         (abs)        0020E
__CFG_BOREN$ON                                (abs)        00000
__CFG_BORV$LO                                 (abs)        00000
__CFG_CLKOUTEN$OFF                            (abs)        00000
__CFG_CP$OFF                                  (abs)        00000
__CFG_CPD$OFF                                 (abs)        00000
__CFG_FCMEN$ON                                (abs)        00000
__CFG_FOSC$INTOSC                             (abs)        00000
__CFG_IESO$ON                                 (abs)        00000
__CFG_LVP$ON                                  (abs)        00000
__CFG_MCLRE$ON                                (abs)        00000
__CFG_PLLEN$ON                                (abs)        00000
__CFG_PWRTE$OFF                               (abs)        00000
__CFG_STVREN$ON                               (abs)        00000
__CFG_WDTE$OFF                                (abs)        00000
__CFG_WRT$OFF                                 (abs)        00000
__Habs1                                       abs1         00000
__Hbank0                                      bank0        00000
__Hbank1                                      bank1        00000
__Hbank10                                     bank10       00000
__Hbank11                                     bank11       00000
__Hbank12                                     bank12       00000
__Hbank13                                     bank13       00000
__Hbank14                                     bank14       00000
__Hbank15                                     bank15       00000
__Hbank16                                     bank16       00000
__Hbank17                                     bank17       00000
__Hbank18                                     bank18       00000
__Hbank19                                     bank19       00000
__Hbank2                                      bank2        00000
__Hbank20                                     bank20       00000
__Hbank21                                     bank21       00000
__Hbank22                                     bank22       00000
__Hbank23                                     bank23       00000
__Hbank24                                     bank24       00000
__Hbank25                                     bank25       00000
__Hbank26                                     bank26       00000
__Hbank27                                     bank27       00000
__Hbank28                                     bank28       00000
__Hbank29                                     bank29       00000
__Hbank3                                      bank3        00000
__Hbank30                                     bank30       00000
__Hbank31                                     bank31       00000
__Hbank4                                      bank4        00000
__Hbank5                                      bank5        00000
__Hbank6                                      bank6        00000
__Hbank7                                      bank7        00000
__Hbank8                                      bank8        00000
__Hbank9                                      bank9        00000
__Hbigram                                     bigram       00000
__HbssBANK0                                   bssBANK0     00000
__HbssBANK1                                   bssBANK1     00000
__HbssBANK2                                   bssBANK2     00000
__HbssCOMMON                                  bssCOMMON    00000
__Hcinit                                      cinit        00054
__Hclrtext                                    clrtext      00000
__Hcode                                       code         00000
__Hcommon                                     common       00000
__Hconfig                                     config       08009
__HcstackBANK0                                cstackBANK0  00000
__HcstackCOMMON                               cstackCOMMON 00000
__HdataBANK0                                  dataBANK0    00000
__Heeprom_data                                eeprom_data  00000
__Hend_init                                   end_init     00029
__Hfunctab                                    functab      00000
__HidataBANK0                                 idataBANK0   00000
__Hidloc                                      idloc        00000
__Hinit                                       init         00027
__Hinittext                                   inittext     00000
__Hintentry                                   intentry     00027
__Hmaintext                                   maintext     00000
__HnvBANK0                                    nvBANK0      00000
__Hpowerup                                    powerup      00000
__Hram                                        ram          00000
__Hreset_vec                                  reset_vec    00002
__Hsfr0                                       sfr0         00000
__Hsfr1                                       sfr1         00000
__Hsfr10                                      sfr10        00000
__Hsfr11                                      sfr11        00000
__Hsfr12                                      sfr12        00000
__Hsfr13                                      sfr13        00000
__Hsfr14                                      sfr14        00000
__Hsfr15                                      sfr15        00000
__Hsfr16                                      sfr16        00000
__Hsfr17                                      sfr17        00000
__Hsfr18                                      sfr18        00000
__Hsfr19                                      sfr19        00000
__Hsfr2                                       sfr2         00000
__Hsfr20                                      sfr20        00000
__Hsfr21                                      sfr21        00000
__Hsfr22                                      sfr22        00000
__Hsfr23                                      sfr23        00000
__Hsfr24                                      sfr24        00000
__Hsfr25                                      sfr25        00000
__Hsfr26                                      sfr26        00000
__Hsfr27                                      sfr27        00000
__Hsfr28                                      sfr28        00000
__Hsfr29                                      sfr29        00000
__Hsfr3                                       sfr3         00000
__Hsfr30                                      sfr30        00000
__Hsfr31                                      sfr31        00000
__Hsfr4                                       sfr4         00000
__Hsfr5                                       sfr5         00000
__Hsfr6                                       sfr6         00000
__Hsfr7                                       sfr7         00000
__Hsfr8                                       sfr8         00000
__Hsfr9                                       sfr9         00000
__Hspace_0                                    (abs)        08009
__Hspace_1                                    (abs)        0016B
__Hspace_2                                    (abs)        00000
__Hspace_3                                    (abs)        00000
__Hstack                                      stack        00000
__Hstrings                                    strings      00000
__Htext                                       text         00000
__Labs1                                       abs1         00000
__Lbank0                                      bank0        00000
__Lbank1                                      bank1        00000
__Lbank10                                     bank10       00000
__Lbank11                                     bank11       00000
__Lbank12                                     bank12       00000
__Lbank13                                     bank13       00000
__Lbank14                                     bank14       00000
__Lbank15                                     bank15       00000
__Lbank16                                     bank16       00000
__Lbank17                                     bank17       00000
__Lbank18                                     bank18       00000
__Lbank19                                     bank19       00000
__Lbank2                                      bank2        00000
__Lbank20                                     bank20       00000
__Lbank21                                     bank21       00000
__Lbank22                                     bank22       00000
__Lbank23                                     bank23       00000
__Lbank24                                     bank24       00000
__Lbank25                                     bank25       00000
__Lbank26                                     bank26       00000
__Lbank27                                     bank27       00000
__Lbank28                                     bank28       00000
__Lbank29                                     bank29       00000
__Lbank3                                      bank3        00000
__Lbank30                                     bank30       00000
__Lbank31                                     bank31       00000
__Lbank4                                      bank4        00000
__Lbank5                                      bank5        00000
__Lbank6                                      bank6        00000
__Lbank7                                      bank7        00000
__Lbank8                                      bank8        00000
__Lbank9                                      bank9        00000
__Lbigram                                     bigram       00000
__LbssBANK0                                   bssBANK0     00000
__LbssBANK1                                   bssBANK1     00000
__LbssBANK2                                   bssBANK2     00000
__LbssCOMMON                                  bssCOMMON    00000
__Lcinit                                      cinit        00029
__Lclrtext                                    clrtext      00000
__Lcode                                       code         00000
__Lcommon                                     common       00000
__Lconfig                                     config       08007
__LcstackBANK0                                cstackBANK0  00000
__LcstackCOMMON                               cstackCOMMON 00000
__LdataBANK0                                  dataBANK0    00000
__Leeprom_data                                eeprom_data  00000
__Lend_init                                   end_init     00027
__Lfunctab                                    functab      00000
__LidataBANK0                                 idataBANK0   00000
__Lidloc                                      idloc        00000
__Linit                                       init         00027
__Linittext                                   inittext     00000
__Lintentry                                   intentry     00004
__Lmaintext                                   maintext     00000
__LnvBANK0                                    nvBANK0      00000
__Lpowerup                                    powerup      00000
__Lram                                        ram          00000
__Lreset_vec                                  reset_vec    00000
__Lsfr0                                       sfr0         00000
__Lsfr1                                       sfr1         00000
__Lsfr10                                      sfr10        00000
__Lsfr11                                      sfr11        00000
__Lsfr12                                      sfr12        00000
__Lsfr13                                      sfr13        00000
__Lsfr14                                      sfr14        00000
__Lsfr15                                      sfr15        00000
__Lsfr16                                      sfr16        00000
__Lsfr17                                      sfr17        00000
__Lsfr18                                      sfr18        00000
__Lsfr19                                      sfr19        00000
__Lsfr2                                       sfr2         00000
__Lsfr20                                      sfr20        00000
__Lsfr21                                      sfr21        00000
__Lsfr22                                      sfr22        00000
__Lsfr23                                      sfr23        00000
__Lsfr24                                      sfr24        00000
__Lsfr25                                      sfr25        00000
__Lsfr26                                      sfr26        00000
__Lsfr27                                      sfr27        00000
__Lsfr28                                      sfr28        00000
__Lsfr29                                      sfr29        00000
__Lsfr3                                       sfr3         00000
__Lsfr30                                      sfr30        00000
__Lsfr31                                      sfr31        00000
__Lsfr4                                       sfr4         00000
__Lsfr5                                       sfr5         00000
__Lsfr6                                       sfr6         00000
__Lsfr7                                       sfr7         00000
__Lsfr8                                       sfr8         00000
__Lsfr9                                       sfr9         00000
__Lspace_0                                    (abs)        00000
__Lspace_1                                    (abs)        00000
__Lspace_2                                    (abs)        00000
__Lspace_3                                    (abs)        00000
__Lstack                                      stack        00000
__Lstrings                                    strings      00000
__Ltext                                       text         00000
__S0                                          (abs)        08009
__S1                                          (abs)        0016B
__S2                                          (abs)        00000
__S3                                          (abs)        00000
___int_sp                                     stack        00000
___latbits                                    (abs)        00001
___sp                                         stack        00000
__end_of_EUSART_Deal                          text10       001D7
__end_of_EUSART_Initialize                    text8        002F2
__end_of_EUSART_Receive_ISR                   text21       0031A
__end_of_EUSART_SetRxInterruptHandler         text9        0036E
__end_of_Get_Device_Addr                      text16       00338
__end_of_INTERRUPT_InterruptManager           intentry     00027
__end_of_OSCILLATOR_Initialize                text7        0034F
__end_of_PIN_MANAGER_Initialize               text6        002D9
__end_of_SYSTEM_Initialize                    text2        00329
__end_of_TMR0_CallBack                        text19       0020F
__end_of_TMR0_DefaultInterruptHandler         text20       00373
__end_of_TMR0_ISR                             text18       00356
__end_of_TMR0_Initialize                      text4        00307
__end_of_TMR0_SetInterruptHandler             text5        00368
__end_of_WDT_Initialize                       text3        00372
__end_of__initialization                      cinit        00050
__end_of_getTimeData                          text15       00196
__end_of_main                                 maintext     002BD
__end_of_startTimeCtrl                        text13       00348
__end_of_stopTimeCtrl                         text14       0026B
__end_of_tempCtrlProcess                      text1        00124
__end_of_testTimeCtrl                         text12       00240
__end_of_workTimeCtrl                         text11       00295
__initialization                              cinit        00029
__pbssBANK0                                   bssBANK0     00020
__pbssBANK1                                   bssBANK1     000A0
__pbssBANK2                                   bssBANK2     00120
__pbssCOMMON                                  bssCOMMON    00077
__pcstackBANK0                                cstackBANK0  00047
__pcstackCOMMON                               cstackCOMMON 00070
__pdataBANK0                                  dataBANK0    00054
__pidataBANK0                                 idataBANK0   00338
__pintentry                                   intentry     00004
__pmaintext                                   maintext     00295
__pnvBANK0                                    nvBANK0      0005C
__ptext1                                      text1        00054
__ptext10                                     text10       00196
__ptext11                                     text11       0026B
__ptext12                                     text12       0020F
__ptext13                                     text13       00340
__ptext14                                     text14       00240
__ptext15                                     text15       00124
__ptext16                                     text16       00329
__ptext18                                     text18       0034F
__ptext19                                     text19       001D7
__ptext2                                      text2        0031A
__ptext20                                     text20       00372
__ptext21                                     text21       00307
__ptext3                                      text3        0036E
__ptext4                                      text4        002F2
__ptext5                                      text5        00362
__ptext6                                      text6        002BD
__ptext7                                      text7        00348
__ptext8                                      text8        002D9
__ptext9                                      text9        00368
__size_of_EUSART_Deal                         (abs)        00000
__size_of_EUSART_Initialize                   (abs)        00000
__size_of_EUSART_Receive_ISR                  (abs)        00000
__size_of_EUSART_SetRxInterruptHandler        (abs)        00000
__size_of_Get_Device_Addr                     (abs)        00000
__size_of_INTERRUPT_InterruptManager          (abs)        00000
__size_of_OSCILLATOR_Initialize               (abs)        00000
__size_of_PIN_MANAGER_Initialize              (abs)        00000
__size_of_SYSTEM_Initialize                   (abs)        00000
__size_of_TMR0_CallBack                       (abs)        00000
__size_of_TMR0_DefaultInterruptHandler        (abs)        00000
__size_of_TMR0_ISR                            (abs)        00000
__size_of_TMR0_Initialize                     (abs)        00000
__size_of_TMR0_SetInterruptHandler            (abs)        00000
__size_of_WDT_Initialize                      (abs)        00000
__size_of_getTimeData                         (abs)        00000
__size_of_main                                (abs)        00000
__size_of_startTimeCtrl                       (abs)        00000
__size_of_stopTimeCtrl                        (abs)        00000
__size_of_tempCtrlProcess                     (abs)        00000
__size_of_testTimeCtrl                        (abs)        00000
__size_of_workTimeCtrl                        (abs)        00000
_eusartRxBuffer                               bssBANK2     00120
_eusartRxCount                                bssCOMMON    00078
_eusartRxOvertimeMask                         bssBANK0     00046
_getTimeData                                  text15       00124
_main                                         maintext     00295
_startTimeCtrl                                text13       00340
_stopTimeCtrl                                 text14       00240
_tempCtrlProcess                              text1        00054
_testIQRSta                                   bssBANK0     00030
_testTimeCtrl                                 text12       0020F
_timeCtrlOvertimeMask                         bssCOMMON    00079
_timeCtrlStartFlag                            bssCOMMON    0007A
_timeCtrlValue                                bssBANK1     000A0
_timer0ReloadVal                              nvBANK0      00060
_workTimeCtrl                                 text11       0026B
btemp                                         (abs)        0007E
clear_ram0                                    clrtext      0035C
end_of_initialization                         cinit        00050
getTimeData@cnt                               cstackCOMMON 00072
getTimeData@i                                 cstackCOMMON 00073
getTimeData@j                                 cstackCOMMON 00074
init_ram                                      inittext     00356
int$flags                                     (abs)        0007E
intlevel0                                     functab      00000
intlevel1                                     functab      00000
intlevel2                                     functab      00000
intlevel3                                     functab      00000
intlevel4                                     functab      00000
intlevel5                                     functab      00000
reset_vec                                     reset_vec    00000
stackhi                                       (abs)        0209F
stacklo                                       (abs)        02090
start                                         init         00027
start_initialization                          cinit        00029
stopTimeCtrl@i                                cstackCOMMON 00074
tempCtrlProcess@i                             cstackCOMMON 00074
tempCtrlProcess@timeCnt                       bssBANK0     00020
testTimeCtrl@IQRNum                           cstackCOMMON 00074
workTimeCtrl@i                                cstackCOMMON 00074
wtemp0                                        (abs)        0007E


FUNCTION INFORMATION:

 *************** function _main *****************
 Defined at:
		line 49 in file "main.c"
 Parameters:    Size  Location     Type
		None
 Auto vars:     Size  Location     Type
		None
 Return value:  Size  Location     Type
                  1    wreg      void 
 Registers used:
		wreg, fsr0l, fsr0h, fsr1l, fsr1h, status,2, status,0, pclath, cstack
 Tracked objects:
		On entry : 
		On exit  : 
		Unchanged: 
 Data sizes:     COMMON   BANK0   BANK1   BANK2
      Params:         0       0       0       0
      Locals:         0       0       0       0
      Temps:          0       0       0       0
      Totals:         0       0       0       0
Total ram usage:        0 bytes
 Hardware stack levels required when called:    7
 This function calls:
		_EUSART_Deal
		_SYSTEM_Initialize
		_stopTimeCtrl
		_tempCtrlProcess
 This function is called by:
		Startup code after reset
 This function uses a non-reentrant model


 *************** function _tempCtrlProcess *****************
 Defined at:
		line 120 in file "mcc_generated_files/time_ctrl.c"
 Parameters:    Size  Location     Type
		None
 Auto vars:     Size  Location     Type
  i               1    4[COMMON] unsigned char 
 Return value:  Size  Location     Type
                  1    wreg      void 
 Registers used:
		wreg, fsr0l, fsr0h, fsr1l, fsr1h, status,2, status,0
 Tracked objects:
		On entry : 
		On exit  : 
		Unchanged: 
 Data sizes:     COMMON   BANK0   BANK1   BANK2
      Params:         0       0       0       0
      Locals:         1       0       0       0
      Temps:          2       0       0       0
      Totals:         3       0       0       0
Total ram usage:        3 bytes
 Hardware stack levels used:    1
 Hardware stack levels required when called:    4
 This function calls:
		Nothing
 This function is called by:
		_main
 This function uses a non-reentrant model


 *************** function _SYSTEM_Initialize *****************
 Defined at:
		line 50 in file "mcc_generated_files/mcc.c"
 Parameters:    Size  Location     Type
		None
 Auto vars:     Size  Location     Type
		None
 Return value:  Size  Location     Type
                  1    wreg      void 
 Registers used:
		wreg, status,2, status,0, pclath, cstack
 Tracked objects:
		On entry : 
		On exit  : 
		Unchanged: 
 Data sizes:     COMMON   BANK0   BANK1   BANK2
      Params:         0       0       0       0
      Locals:         0       0       0       0
      Temps:          0       0       0       0
      Totals:         0       0       0       0
Total ram usage:        0 bytes
 Hardware stack levels used:    1
 Hardware stack levels required when called:    6
 This function calls:
		_EUSART_Initialize
		_OSCILLATOR_Initialize
		_PIN_MANAGER_Initialize
		_TMR0_Initialize
		_WDT_Initialize
 This function is called by:
		_main
 This function uses a non-reentrant model


 *************** function _WDT_Initialize *****************
 Defined at:
		line 69 in file "mcc_generated_files/mcc.c"
 Parameters:    Size  Location     Type
		None
 Auto vars:     Size  Location     Type
		None
 Return value:  Size  Location     Type
                  1    wreg      void 
 Registers used:
		wreg
 Tracked objects:
		On entry : 
		On exit  : 
		Unchanged: 
 Data sizes:     COMMON   BANK0   BANK1   BANK2
      Params:         0       0       0       0
      Locals:         0       0       0       0
      Temps:          0       0       0       0
      Totals:         0       0       0       0
Total ram usage:        0 bytes
 Hardware stack levels used:    1
 Hardware stack levels required when called:    4
 This function calls:
		Nothing
 This function is called by:
		_SYSTEM_Initialize
 This function uses a non-reentrant model


 *************** function _TMR0_Initialize *****************
 Defined at:
		line 64 in file "mcc_generated_files/tmr0.c"
 Parameters:    Size  Location     Type
		None
 Auto vars:     Size  Location     Type
		None
 Return value:  Size  Location     Type
                  1    wreg      void 
 Registers used:
		wreg, status,2, status,0, pclath, cstack
 Tracked objects:
		On entry : 
		On exit  : 
		Unchanged: 
 Data sizes:     COMMON   BANK0   BANK1   BANK2
      Params:         0       0       0       0
      Locals:         0       0       0       0
      Temps:          1       0       0       0
      Totals:         1       0       0       0
Total ram usage:        1 bytes
 Hardware stack levels used:    1
 Hardware stack levels required when called:    5
 This function calls:
		_TMR0_SetInterruptHandler
 This function is called by:
		_SYSTEM_Initialize
 This function uses a non-reentrant model


 *************** function _TMR0_SetInterruptHandler *****************
 Defined at:
		line 176 in file "mcc_generated_files/tmr0.c"
 Parameters:    Size  Location     Type
  InterruptHan    2    2[COMMON] PTR FTN()void 
		 -> TMR0_DefaultInterruptHandler(1), 
 Auto vars:     Size  Location     Type
		None
 Return value:  Size  Location     Type
                  1    wreg      void 
 Registers used:
		wreg
 Tracked objects:
		On entry : 
		On exit  : 
		Unchanged: 
 Data sizes:     COMMON   BANK0   BANK1   BANK2
      Params:         2       0       0       0
      Locals:         0       0       0       0
      Temps:          0       0       0       0
      Totals:         2       0       0       0
Total ram usage:        2 bytes
 Hardware stack levels used:    1
 Hardware stack levels required when called:    4
 This function calls:
		Nothing
 This function is called by:
		_TMR0_Initialize
 This function uses a non-reentrant model


 *************** function _PIN_MANAGER_Initialize *****************
 Defined at:
		line 57 in file "mcc_generated_files/pin_manager.c"
 Parameters:    Size  Location     Type
		None
 Auto vars:     Size  Location     Type
		None
 Return value:  Size  Location     Type
                  1    wreg      void 
 Registers used:
		wreg, status,2
 Tracked objects:
		On entry : 
		On exit  : 
		Unchanged: 
 Data sizes:     COMMON   BANK0   BANK1   BANK2
      Params:         0       0       0       0
      Locals:         0       0       0       0
      Temps:          0       0       0       0
      Totals:         0       0       0       0
Total ram usage:        0 bytes
 Hardware stack levels used:    1
 Hardware stack levels required when called:    4
 This function calls:
		Nothing
 This function is called by:
		_SYSTEM_Initialize
 This function uses a non-reentrant model


 *************** function _OSCILLATOR_Initialize *****************
 Defined at:
		line 59 in file "mcc_generated_files/mcc.c"
 Parameters:    Size  Location     Type
		None
 Auto vars:     Size  Location     Type
		None
 Return value:  Size  Location     Type
                  1    wreg      void 
 Registers used:
		wreg, status,2
 Tracked objects:
		On entry : 
		On exit  : 
		Unchanged: 
 Data sizes:     COMMON   BANK0   BANK1   BANK2
      Params:         0       0       0       0
      Locals:         0       0       0       0
      Temps:          0       0       0       0
      Totals:         0       0       0       0
Total ram usage:        0 bytes
 Hardware stack levels used:    1
 Hardware stack levels required when called:    4
 This function calls:
		Nothing
 This function is called by:
		_SYSTEM_Initialize
 This function uses a non-reentrant model


 *************** function _EUSART_Initialize *****************
 Defined at:
		line 74 in file "mcc_generated_files/eusart.c"
 Parameters:    Size  Location     Type
		None
 Auto vars:     Size  Location     Type
		None
 Return value:  Size  Location     Type
                  1    wreg      void 
 Registers used:
		wreg, status,2, status,0, pclath, cstack
 Tracked objects:
		On entry : 
		On exit  : 
		Unchanged: 
 Data sizes:     COMMON   BANK0   BANK1   BANK2
      Params:         0       0       0       0
      Locals:         0       0       0       0
      Temps:          0       0       0       0
      Totals:         0       0       0       0
Total ram usage:        0 bytes
 Hardware stack levels used:    1
 Hardware stack levels required when called:    5
 This function calls:
		_EUSART_SetRxInterruptHandler
 This function is called by:
		_SYSTEM_Initialize
 This function uses a non-reentrant model


 *************** function _EUSART_SetRxInterruptHandler *****************
 Defined at:
		line 223 in file "mcc_generated_files/eusart.c"
 Parameters:    Size  Location     Type
  interruptHan    2    2[COMMON] PTR FTN()void 
		 -> EUSART_Receive_ISR(1), 
 Auto vars:     Size  Location     Type
		None
 Return value:  Size  Location     Type
                  1    wreg      void 
 Registers used:
		wreg
 Tracked objects:
		On entry : 
		On exit  : 
		Unchanged: 
 Data sizes:     COMMON   BANK0   BANK1   BANK2
      Params:         2       0       0       0
      Locals:         0       0       0       0
      Temps:          0       0       0       0
      Totals:         2       0       0       0
Total ram usage:        2 bytes
 Hardware stack levels used:    1
 Hardware stack levels required when called:    4
 This function calls:
		Nothing
 This function is called by:
		_EUSART_Initialize
 This function uses a non-reentrant model


 *************** function _EUSART_Deal *****************
 Defined at:
		line 228 in file "mcc_generated_files/eusart.c"
 Parameters:    Size  Location     Type
		None
 Auto vars:     Size  Location     Type
		None
 Return value:  Size  Location     Type
                  1    wreg      void 
 Registers used:
		wreg, fsr1l, fsr1h, status,2, status,0, pclath, cstack
 Tracked objects:
		On entry : 
		On exit  : 
		Unchanged: 
 Data sizes:     COMMON   BANK0   BANK1   BANK2
      Params:         0       0       0       0
      Locals:         0       0       0       0
      Temps:          2       0       0       0
      Totals:         2       0       0       0
Total ram usage:        2 bytes
 Hardware stack levels used:    1
 Hardware stack levels required when called:    6
 This function calls:
		_Get_Device_Addr
		_startTimeCtrl
		_stopTimeCtrl
		_testTimeCtrl
		_workTimeCtrl
 This function is called by:
		_main
 This function uses a non-reentrant model


 *************** function _workTimeCtrl *****************
 Defined at:
		line 29 in file "mcc_generated_files/time_ctrl.c"
 Parameters:    Size  Location     Type
		None
 Auto vars:     Size  Location     Type
  i               1    4[COMMON] unsigned char 
 Return value:  Size  Location     Type
                  1    wreg      void 
 Registers used:
		wreg, fsr1l, fsr1h, status,2, status,0
 Tracked objects:
		On entry : 
		On exit  : 
		Unchanged: 
 Data sizes:     COMMON   BANK0   BANK1   BANK2
      Params:         0       0       0       0
      Locals:         1       0       0       0
      Temps:          2       0       0       0
      Totals:         3       0       0       0
Total ram usage:        3 bytes
 Hardware stack levels used:    1
 Hardware stack levels required when called:    4
 This function calls:
		Nothing
 This function is called by:
		_EUSART_Deal
 This function uses a non-reentrant model


 *************** function _testTimeCtrl *****************
 Defined at:
		line 69 in file "mcc_generated_files/time_ctrl.c"
 Parameters:    Size  Location     Type
  IQRNum          1    wreg     unsigned char 
 Auto vars:     Size  Location     Type
  IQRNum          1    4[COMMON] unsigned char 
 Return value:  Size  Location     Type
                  1    wreg      void 
 Registers used:
		wreg, fsr1l, fsr1h, status,2, status,0
 Tracked objects:
		On entry : 
		On exit  : 
		Unchanged: 
 Data sizes:     COMMON   BANK0   BANK1   BANK2
      Params:         0       0       0       0
      Locals:         1       0       0       0
      Temps:          2       0       0       0
      Totals:         3       0       0       0
Total ram usage:        3 bytes
 Hardware stack levels used:    1
 Hardware stack levels required when called:    4
 This function calls:
		Nothing
 This function is called by:
		_EUSART_Deal
 This function uses a non-reentrant model


 *************** function _startTimeCtrl *****************
 Defined at:
		line 46 in file "mcc_generated_files/time_ctrl.c"
 Parameters:    Size  Location     Type
		None
 Auto vars:     Size  Location     Type
		None
 Return value:  Size  Location     Type
                  1    wreg      void 
 Registers used:
		wreg, fsr1l, fsr1h, status,2, status,0, pclath, cstack
 Tracked objects:
		On entry : 
		On exit  : 
		Unchanged: 
 Data sizes:     COMMON   BANK0   BANK1   BANK2
      Params:         0       0       0       0
      Locals:         0       0       0       0
      Temps:          0       0       0       0
      Totals:         0       0       0       0
Total ram usage:        0 bytes
 Hardware stack levels used:    1
 Hardware stack levels required when called:    5
 This function calls:
		_getTimeData
		_stopTimeCtrl
 This function is called by:
		_EUSART_Deal
 This function uses a non-reentrant model


 *************** function _stopTimeCtrl *****************
 Defined at:
		line 53 in file "mcc_generated_files/time_ctrl.c"
 Parameters:    Size  Location     Type
		None
 Auto vars:     Size  Location     Type
  i               1    4[COMMON] unsigned char 
 Return value:  Size  Location     Type
                  1    wreg      void 
 Registers used:
		wreg, fsr1l, fsr1h, status,2, status,0
 Tracked objects:
		On entry : 
		On exit  : 
		Unchanged: 
 Data sizes:     COMMON   BANK0   BANK1   BANK2
      Params:         0       0       0       0
      Locals:         1       0       0       0
      Temps:          2       0       0       0
      Totals:         3       0       0       0
Total ram usage:        3 bytes
 Hardware stack levels used:    1
 Hardware stack levels required when called:    4
 This function calls:
		Nothing
 This function is called by:
		_EUSART_Deal
		_startTimeCtrl
		_main
 This function uses a non-reentrant model


 *************** function _getTimeData *****************
 Defined at:
		line 13 in file "mcc_generated_files/time_ctrl.c"
 Parameters:    Size  Location     Type
		None
 Auto vars:     Size  Location     Type
  j               1    4[COMMON] unsigned char 
  i               1    3[COMMON] unsigned char 
  cnt             1    2[COMMON] unsigned char 
 Return value:  Size  Location     Type
                  1    wreg      void 
 Registers used:
		wreg, fsr1l, fsr1h, status,2, status,0
 Tracked objects:
		On entry : 
		On exit  : 
		Unchanged: 
 Data sizes:     COMMON   BANK0   BANK1   BANK2
      Params:         0       0       0       0
      Locals:         3       0       0       0
      Temps:          0      13       0       0
      Totals:         3      13       0       0
Total ram usage:       16 bytes
 Hardware stack levels used:    1
 Hardware stack levels required when called:    4
 This function calls:
		Nothing
 This function is called by:
		_startTimeCtrl
 This function uses a non-reentrant model


 *************** function _Get_Device_Addr *****************
 Defined at:
		line 75 in file "mcc_generated_files/mcc.c"
 Parameters:    Size  Location     Type
		None
 Auto vars:     Size  Location     Type
  device_addr     1    3[COMMON] unsigned char 
 Return value:  Size  Location     Type
                  1    wreg      unsigned char 
 Registers used:
		wreg, status,2, status,0
 Tracked objects:
		On entry : 
		On exit  : 
		Unchanged: 
 Data sizes:     COMMON   BANK0   BANK1   BANK2
      Params:         0       0       0       0
      Locals:         1       0       0       0
      Temps:          1       0       0       0
      Totals:         2       0       0       0
Total ram usage:        2 bytes
 Hardware stack levels used:    1
 Hardware stack levels required when called:    4
 This function calls:
		Nothing
 This function is called by:
		_EUSART_Deal
 This function uses a non-reentrant model


 *************** function _INTERRUPT_InterruptManager *****************
 Defined at:
		line 52 in file "mcc_generated_files/interrupt_manager.c"
 Parameters:    Size  Location     Type
		None
 Auto vars:     Size  Location     Type
		None
 Return value:  Size  Location     Type
                  1    wreg      void 
 Registers used:
		wreg, fsr1l, fsr1h, status,2, status,0, pclath, cstack
 Tracked objects:
		On entry : 
		On exit  : 
		Unchanged: 
 Data sizes:     COMMON   BANK0   BANK1   BANK2
      Params:         0       0       0       0
      Locals:         0       0       0       0
      Temps:          1       0       0       0
      Totals:         1       0       0       0
Total ram usage:        1 bytes
 Hardware stack levels used:    1
 Hardware stack levels required when called:    3
 This function calls:
		Absolute function
		_EUSART_Receive_ISR
		_TMR0_ISR
 This function is called by:
		Interrupt level 1
 This function uses a non-reentrant model


 *************** function _TMR0_ISR *****************
 Defined at:
		line 108 in file "mcc_generated_files/tmr0.c"
 Parameters:    Size  Location     Type
		None
 Auto vars:     Size  Location     Type
		None
 Return value:  Size  Location     Type
                  1    wreg      void 
 Registers used:
		wreg, status,2, status,0, pclath, cstack
 Tracked objects:
		On entry : 
		On exit  : 
		Unchanged: 
 Data sizes:     COMMON   BANK0   BANK1   BANK2
      Params:         0       0       0       0
      Locals:         0       0       0       0
      Temps:          0       0       0       0
      Totals:         0       0       0       0
Total ram usage:        0 bytes
 Hardware stack levels used:    1
 Hardware stack levels required when called:    2
 This function calls:
		_TMR0_CallBack
 This function is called by:
		_INTERRUPT_InterruptManager
 This function uses a non-reentrant model


 *************** function _TMR0_CallBack *****************
 Defined at:
		line 123 in file "mcc_generated_files/tmr0.c"
 Parameters:    Size  Location     Type
		None
 Auto vars:     Size  Location     Type
		None
 Return value:  Size  Location     Type
                  1    wreg      void 
 Registers used:
		wreg, status,2, status,0, pclath, cstack
 Tracked objects:
		On entry : 
		On exit  : 
		Unchanged: 
 Data sizes:     COMMON   BANK0   BANK1   BANK2
      Params:         0       0       0       0
      Locals:         0       0       0       0
      Temps:          1       0       0       0
      Totals:         1       0       0       0
Total ram usage:        1 bytes
 Hardware stack levels used:    1
 Hardware stack levels required when called:    1
 This function calls:
		Absolute function
		_TMR0_DefaultInterruptHandler
 This function is called by:
		_TMR0_ISR
 This function uses a non-reentrant model


 *************** function _TMR0_DefaultInterruptHandler *****************
 Defined at:
		line 180 in file "mcc_generated_files/tmr0.c"
 Parameters:    Size  Location     Type
		None
 Auto vars:     Size  Location     Type
		None
 Return value:  Size  Location     Type
                  1    wreg      void 
 Registers used:
		None
 Tracked objects:
		On entry : 
		On exit  : 
		Unchanged: 
 Data sizes:     COMMON   BANK0   BANK1   BANK2
      Params:         0       0       0       0
      Locals:         0       0       0       0
      Temps:          0       0       0       0
      Totals:         0       0       0       0
Total ram usage:        0 bytes
 Hardware stack levels used:    1
 This function calls:
		Nothing
 This function is called by:
		_TMR0_Initialize
		_TMR0_CallBack
 This function uses a non-reentrant model


 *************** function _EUSART_Receive_ISR *****************
 Defined at:
		line 199 in file "mcc_generated_files/eusart.c"
 Parameters:    Size  Location     Type
		None
 Auto vars:     Size  Location     Type
		None
 Return value:  Size  Location     Type
                  1    wreg      void 
 Registers used:
		wreg, fsr1l, fsr1h, status,2, status,0
 Tracked objects:
		On entry : 
		On exit  : 
		Unchanged: 
 Data sizes:     COMMON   BANK0   BANK1   BANK2
      Params:         0       0       0       0
      Locals:         0       0       0       0
      Temps:          1       0       0       0
      Totals:         1       0       0       0
Total ram usage:        1 bytes
 Hardware stack levels used:    1
 This function calls:
		Nothing
 This function is called by:
		_EUSART_Initialize
		_INTERRUPT_InterruptManager
 This function uses a non-reentrant model



MODULE INFORMATION

Module		Function		Class		Link	Load	Size
mcc_generated_files/interrupt_manager.c
		_INTERRUPT_InterruptManager		CODE           	0004	0000	36

mcc_generated_files/interrupt_manager.c estimated size: 36

mcc_generated_files/tmr0.c
		_TMR0_SetInterruptHandler		CODE           	0362	0000	7
		_TMR0_DefaultInterruptHandler		CODE           	0372	0000	2
		_TMR0_CallBack 		CODE           	01D7	0000	57
		_TMR0_ISR      		CODE           	034F	0000	8
		_TMR0_Initialize		CODE           	02F2	0000	22

mcc_generated_files/tmr0.c estimated size: 96

mcc_generated_files/pin_manager.c
		_PIN_MANAGER_Initialize		CODE           	02BD	0000	29

mcc_generated_files/pin_manager.c estimated size: 29

mcc_generated_files/time_ctrl.c
		_testTimeCtrl  		CODE           	020F	0000	50
		_tempCtrlProcess		CODE           	0054	0000	209
		_workTimeCtrl  		CODE           	026B	0000	43
		_getTimeData   		CODE           	0124	0000	115
		_stopTimeCtrl  		CODE           	0240	0000	44
		_startTimeCtrl 		CODE           	0340	0000	9

mcc_generated_files/time_ctrl.c estimated size: 470

shared
		__initialization		CODE           	0029	0000	40

shared estimated size: 40

mcc_generated_files/mcc.c
		_WDT_Initialize		CODE           	036E	0000	5
		_Get_Device_Addr		CODE           	0329	0000	16
		_OSCILLATOR_Initialize		CODE           	0348	0000	8
		_SYSTEM_Initialize		CODE           	031A	0000	16

mcc_generated_files/mcc.c estimated size: 45

mcc_generated_files/eusart.c
		_EUSART_SetRxInterruptHandler		CODE           	0368	0000	7
		_EUSART_Deal   		CODE           	0196	0000	66
		_EUSART_Initialize		CODE           	02D9	0000	26
		_EUSART_Receive_ISR		CODE           	0307	0000	20

mcc_generated_files/eusart.c estimated size: 119

main.c
		_main          		CODE           	0295	0000	41

main.c estimated size: 41

